// Jest Snapshot v1, https://goo.gl/fbAQLP

exports[`Alpha Overview 1`] = `
<DocumentFragment>
  <div
    class="react-colorful__alpha"
  >
    <div
      class="react-colorful__alpha-gradient"
    />
    <div
      aria-label="Alpha"
      aria-valuetext="20%"
      class="react-colorful__interactive"
      role="slider"
      tabindex="0"
    >
      <div
        class="react-colorful__pointer react-colorful__alpha-pointer"
        style="top: 50%; left: 20%;"
      >
        <div
          class="react-colorful__pointer-fill"
          style="background-color: rgba(65, 65, 65, 0.2);"
        />
      </div>
    </div>
  </div>
  <div
    style="padding-top: 10px; font-weight: bold;"
  >
    {
  "a": 0.2
}
  </div>
</DocumentFragment>
`;
