// Jest Snapshot v1, https://goo.gl/fbAQLP

exports[`Pointer Overview 1`] = `
<DocumentFragment>
  <div
    style="position: relative; height: 50px;"
  >
    <div
      class="react-colorful__pointer react-colorful__alpha-pointer"
      style="top: 50%; left: 20%;"
    >
      <div
        class="react-colorful__pointer-fill"
        style="background-color: rgba(65, 65, 65, 0.2);"
      />
    </div>
  </div>
  <div
    style="padding-top: 10px; font-weight: bold;"
  >
    {
  "h": 213,
  "s": 50,
  "v": 50,
  "a": 0.2
}
  </div>
</DocumentFragment>
`;
