// Jest Snapshot v1, https://goo.gl/fbAQLP

exports[`RgbaColorPicker Overview 1`] = `
<DocumentFragment>
  <div
    class="react-colorful"
  >
    <div
      class="react-colorful__saturation"
      style="background-color: rgb(0, 0, 255);"
    >
      <div
        aria-label="Color"
        aria-valuetext="Saturation 92%, Brightness 84%"
        class="react-colorful__interactive"
        role="slider"
        tabindex="0"
      >
        <div
          class="react-colorful__pointer react-colorful__saturation-pointer"
          style="top: 16.000000000000004%; left: 92%;"
        >
          <div
            class="react-colorful__pointer-fill"
            style="background-color: rgb(17, 17, 212);"
          />
        </div>
      </div>
    </div>
    <div
      class="react-colorful__hue"
    >
      <div
        aria-label="Hue"
        aria-valuetext="10"
        class="react-colorful__interactive"
        role="slider"
        tabindex="0"
      >
        <div
          class="react-colorful__pointer react-colorful__hue-pointer"
          style="top: 50%; left: 2.7777777777777777%;"
        >
          <div
            class="react-colorful__pointer-fill"
            style="background-color: rgb(0, 0, 255);"
          />
        </div>
      </div>
    </div>
    <div
      class="react-colorful__alpha react-colorful__last-control"
    >
      <div
        class="react-colorful__alpha-gradient"
      />
      <div
        aria-label="Alpha"
        aria-valuetext="20%"
        class="react-colorful__interactive"
        role="slider"
        tabindex="0"
      >
        <div
          class="react-colorful__pointer react-colorful__alpha-pointer"
          style="top: 50%; left: 20%;"
        >
          <div
            class="react-colorful__pointer-fill"
            style="background-color: rgba(17, 17, 212, 0.2);"
          />
        </div>
      </div>
    </div>
  </div>
  <div
    style="padding-top: 10px; font-weight: bold;"
  >
    {
  "r": 213,
  "g": 50,
  "b": 16,
  "a": 0.2
}
  </div>
</DocumentFragment>
`;
